#-----------------------------------------------------------
# Vivado v2021.2 (64-bit)
# SW Build 3367213 on Tue Oct 19 02:48:09 MDT 2021
# IP Build 3369179 on Thu Oct 21 08:25:16 MDT 2021
# Start of session at: Sat Mar  5 00:06:29 2022
# Process ID: 4860
# Current directory: C:/Users/cajhm/OneDrive - Singapore University of Technology and Design/Y2T4/comp struct 50.002/fpga/test/work/vivado/test/test.runs/impl_1
# Command line: vivado.exe -log au_top_0.vdi -applog -product Vivado -messageDb vivado.pb -mode batch -source au_top_0.tcl -notrace
# Log file: C:/Users/cajhm/OneDrive - Singapore University of Technology and Design/Y2T4/comp struct 50.002/fpga/test/work/vivado/test/test.runs/impl_1/au_top_0.vdi
# Journal file: C:/Users/cajhm/OneDrive - Singapore University of Technology and Design/Y2T4/comp struct 50.002/fpga/test/work/vivado/test/test.runs/impl_1\vivado.jou
# Running On: DESKTOP-1I22819, OS: Windows, CPU Frequency: 1190 MHz, CPU Physical cores: 4, Host memory: 16940 MB
#-----------------------------------------------------------
source au_top_0.tcl -notrace
