reg__13: 
case__2: 
case__33: 
counter_6: 
case__40: 
addsub: 
logic__38: 
logic__2: 
case__7: 
case__39: 
case__76: 
decoder_8: 
button_conditioner_2: 
datapath__2: 
muxpart__29: 
case__56: 
case__63: 
case__3: 
datapath__3: 
logic__30: 
muxpart__26: 
muxpart__22: 
logic__95: 
case__75: 
reg__2: 
case__37: 
logic__211: 
logic__47: 
logic__29: 
logic__106: 
muxpart__23: 
case__36: 
case__34: 
logic__210: 
case__52: 
shifter16_14: 
case__1: 
reset_conditioner_1: 
case__78: 
case__55: 
logic__212: 
logic__4: 
case__31: 
case__74: 
pipeline_5: 
case__59: 
datapath: 
reg__7: 
logic__39: 
datapath__5: 
logic__48: 
au_top_0: 
logic__25: 
case__51: 
reg: 
logic: 
logic__50: 
logic__34: 
muxpart__27: 
seven_seg_7: 
counter__1: 
muxpart__25: 
logic__99: 
logic__44: 
sixteen_bit_full_adder_12: 
muxpart__31: 
case__61: 
reg__14: 
muxpart__20: 
edge_detector_9: 
datapath__6: 
muxpart__30: 
reg__1: 
counter: 
reg__15: 
case__53: 
logic__33: 
muxpart__24: 
case__38: 
logic__102: 
muxpart__19: 
logic__49: 
reg__6: 
case__32: 
logic__98: 
case__9: 
case__80: 
logic__37: 
case__35: 
counter_13: 
logic__104: 
case__62: 
case__77: 
logic__84: 
muxpart: 
reg__3: 
logic__36: 
case__79: 
muxpart__1: 
case: 
logic__20: 
case__6: 
datapath__1: 
logic__96: 
shifterTest_11: 
case__73: 
addertest_10: 
case__54: 
reg__16: 
logic__85: 
logic__18: 
case__5: 
multi_seven_seg_3: 
logic__35: 
muxpart__75: 
logic__97: 
logic__46: 
logic__5: 
reg__8: 
logic__107: 
reg__10: 
case__41: 
logic__32: 
logic__12: 
case__60: 
logic__15: 
case__57: 
reg__9: 
logic__101: 
logic__43: 
logic__105: 
muxpart__2: 
logic__103: 
muxpart__28: 
case__10: 
logic__21: 
logic__51: 
case__4: 
logic__45: 
datapath__4: 
logic__1: 
case__8: 
case__11: 
muxpart__21: 
masterTest_4: 
logic__100: 
logic__31: 
